PASS late A refresh 401 cannot clear or replace B
PASS late A refresh 200 cannot clear or replace B
PASS late refresh body and replaced cached user cannot publish
PASS observed A to B to A generation invalidates old refresh
PASS same-account concurrent refresh shares request and new token persists
PASS token-only old OAuth app record repairs the same claimed owner
PASS foreign owner, contradictory cached user and changed version response rejected
PASS refresh rejects missing or contradictory token and profile entitlement fields
PASS current revoked session clears modern and old legacy fallback only once
PASS expired session requests no refresh and cannot expose an older legacy user
PASS malformed modern presence never uses signed legacy fallback
PASS transport deadline releases retry while keeping current valid account
PASS body deadline releases retry while keeping current valid account
PASS network rejection and HTTP 503 remain retryable within same page
PASS refresh storage quota failure preserves confirmed old session without claiming replacement
PASS late A profile 401 cannot publish under or delete B
PASS late A profile 200 cannot publish under or delete B
PASS profile parsing completion checks account again
PASS normal profile uses renewed token and explicit server entitlements
PASS foreign or partial profile cannot invent free tier or use legacy account
PASS profile timeout returns no invented entitlement and permits retry
PASS valid signed legacy profile remains available only for matching username
PASS late legacy profile cannot publish after modern sign-in or username change
PASS SDK adapter preserves normal provider persistence and retires old token client
PASS SDK adapter blocks late provider refresh writes after same-tab provider switch
PASS observed provider A to B to A never revives the retired adapter
PASS signOut never invokes persistent SDK cleanup and late logout preserves B
PASS local-only signout reloads and prevents pending refresh resurrection
PASS unconfirmed provider signout is bounded and reports only local completion
PASS unconfigured local module does not throw during provider-key setup
PASS legacy display username cannot select another signed owner
PASS storage inaccessible produces no identity or requests
Shared session lifecycle: 32 passed, 0 failed
PASS actual native aa13193 app JWT issuer and session_version7 repair/renewal contract
PASS actual native aa13193 legacy handler signed username/expiry contract and authoritative modern boundary
