PASS namedBackgroundCapabilityRequiresStateAndCannotPublish
PASS inPlacePlayerChangeRebuildsReadyDataAndCancelsPendingCommit
PASS eachCoalescedCallerRetainsItsOwnCancellationAndDeadline
PASS tokenProfileMismatchOrExpiryCannotAdoptAnotherOwnersCache
PASS foregroundPreservesScoutAgeAndNameHelperSemantics
PASS actualConsumerAnnotationAndResetPatternsRetainBoundaries
PASS invalidLeagueSeasonAndChangedExplicitConnectionRejectBeforeFollowups
PASS unavailableOptionalStorageCannotBreakFreshValues
PASS hangingOptionalMarketHelperSettlesAndDoesNotPublishLate
PASS actualLedgerAndOneBrainRemainIdenticalAndWorkAfterCacheReload
PASS canceledLedgerCannotPoisonOrDeleteNewRetryAndSettledCacheSurvivesUnmount
PASS boundSleeperUsesExplicitPlayersAndRejectsStaleChain
PASS conflictingMflConnectionCannotStartPrivateRequest
PASS unchangedOriginalEngineResultsIncludingInjuredPlayer
PASS explicitContextReturnsValuesWithoutChangingActiveBridgeOrGlobalLI
PASS lateCacheReadCannotAdoptNewLeague
PASS heldOldBuildCannotPublishCacheOrFollowupAfterAccountSwitch
PASS observedReplacementRemainsCanceledWhenAccountBytesReturn
PASS readyValueReadersInvalidateOnAccountOrLeagueChange
PASS sameContextCoalescesAndOlderFinallyCannotClearNewLoader
PASS savedCacheMatchesOwnerSeasonSettingsAndNeverAdoptsUnscopedLegacy
PASS malformedModernPresenceCannotBecomeLegacyBuild
PASS oldOneBrainCompletionCannotReplaceCurrentAccount
PASS timeoutSettlesAndLateResponseCannotRestartBuild
PASS boundProviderUsesSnapshotPlayersAndStopsPrivateFollowups
25 actual engine context groups passed.
