PASS correctLeagueHydratesWithoutChangingActiveBridge
PASS everyHydrateRejectsForeignOrIncompleteLeague
PASS initialReadCannotMakeSecondForeignSeasonValid
PASS privateAccountSwitchStopsTransactionFollowup
PASS privateTokenOnlySwitchStopsFollowup
PASS directPrivateResponseAlsoRejectsNewAccount
PASS credentialConnectionAndEpochChangesStopFollowups
PASS replacedViewCannotStartOrContinueProviderWork
PASS accountSwitchDuringTransactionsIsNotSwallowed
PASS delayedJsonCannotContinueAfterSwitch
PASS completeTimeoutThenRetryDropsLateResult
PASS cachedRawRequiresSameAccountAndCookies
PASS changedExplicitCookiesCannotReuseRaw
PASS staleCredentialRecordCannotOverrideLeagueIdentity
PASS legacyConnectorCannotOverwriteANewerActiveLeague
PASS modernTokenProfileMustMatchBeforeAnyTransport
PASS publicAndLegacyPrivateContractsRemain
PASS incompleteCookiesFailBeforeTransport
18 actual-provider groups; 0 failed
PASS mappedTradeUsesSharedRosterPlayerAndTimestampContract
PASS nonExecutedTradesAreExplicitlyExcludedFromCompletedHistory
PASS nonExecutedOnlyFeedRetainsItsExclusionWarningAfterOutage
PASS missingTradeStatusCannotClaimConfirmedHistory
PASS incompleteTradeCannotBecomeBlankActivity
PASS omittedEmptyPlayerListsRemainValid
PASS firstOutageIsUnknownNotEmptySuccess
PASS emptyConfirmedFeedIsDistinct
PASS malformedOrForeignReplyCannotClaimReady
PASS failedRefreshPreservesLastConfirmedRowsAndTimestamp
PASS confirmedEmptyCanBeStaleWithoutClaimingNoActivity
PASS retryReplacesStaleRowsWithFreshVerifiedEmpty
PASS cacheCannotCrossAccountOrConnection
PASS cacheCannotCrossSeason
PASS viewReloadCanKeepSameAccountConfirmedFeed
PASS changedAccountDuringFailureStillRejectsEntireStaleReply
PASS timedOutBodyCannotOverwriteNewRetry
PASS consumerMutationCannotPoisonRetainedCache
18 ESPN transaction groups; 0 failed
